---
source: src/patch.rs
expression: patch_doc(INPUT)
---
'''

        a = "unchanged"
        b = "49"
        '''
